2025-07-10 18:47:00 | INFO | repo=curl | action=commit
2025-10-26 07:42:00 | INFO | repo=curl | action=test | passed=true
2025-06-23 13:31:00 | DEBUG | repo=curl | action=pull
2025-05-21 20:15:00 | WARN | repo=curl | action=edit | files=2
2025-07-16 19:42:00 | DEBUG | repo=curl | action=test | passed=true
2025-06-06 13:49:00 | DEBUG | repo=curl | action=commit
2025-01-03 16:44:00 | INFO | repo=curl | action=edit | files=5
2025-04-21 20:15:00 | INFO | repo=curl | action=commit
2025-04-27 10:24:00 | INFO | repo=curl | action=commit
2025-11-10 17:51:00 | INFO | repo=curl | action=pull
2025-08-11 07:10:00 | WARN | repo=curl | action=commit
2025-11-21 08:10:00 | INFO | repo=curl | action=test | passed=true
2025-07-24 10:45:00 | INFO | repo=curl | action=commit
2025-03-10 16:23:00 | DEBUG | repo=curl | action=commit
2025-06-01 16:13:00 | WARN | repo=curl | action=commit
2025-07-10 15:27:00 | WARN | repo=curl | action=commit
2025-10-16 08:21:00 | WARN | repo=curl | action=commit
2025-11-01 08:12:00 | INFO | repo=curl | action=commit
2025-04-07 18:02:00 | INFO | repo=curl | action=commit
2025-03-13 17:42:00 | WARN | repo=curl | action=commit
2025-05-28 20:15:00 | WARN | repo=curl | action=commit
2025-03-16 21:07:00 | DEBUG | repo=curl | action=test | passed=true
2025-11-04 07:27:00 | DEBUG | repo=curl | action=commit
2025-11-24 08:49:00 | DEBUG | repo=curl | action=commit
